// Jest Snapshot v1, https://goo.gl/fbAQLP

exports[`should render edit library item correctly 1`] = `
<div>
  <LibraryItemForm
    libraryItem={
      Object {
        "description": "no description",
        "docsLink": "no link",
        "id": "1",
        "name": "react-redux",
        "tag": "React",
      }
    }
    onSubmit={[Function]}
  />
  <button
    onClick={[Function]}
  >
    Remove
  </button>
</div>
`;
