// Jest Snapshot v1, https://goo.gl/fbAQLP

exports[`should render library item correctly 1`] = `
<div
  className="library-item-body flex-center"
>
  <div>
    react-redux
  </div>
  <div>
    React
  </div>
  <div>
    no description
  </div>
  <div>
    <Link
      replace={false}
      to="/edit-library-item/1"
    >
      EDIT
    </Link>
     | 
    <a
      href=""
    >
      DOCS
    </a>
  </div>
</div>
`;
