// Jest Snapshot v1, https://goo.gl/fbAQLP

exports[`should render library list filter correctly 1`] = `
<div
  className="ll-filter-body flex-center"
>
  Tags : 
  <input
    onChange={[Function]}
    placeholder="Search Tag.."
    type="text"
    value="r"
  />
  SortBy Name :
  <select
    onChange={[Function]}
    value="asc"
  >
    <option
      value="asc"
    >
      Ascending
    </option>
    <option
      value="dsc"
    >
      Descending
    </option>
  </select>
</div>
`;
